[2026-08-18 23:09:34.958] [INFO] [Main] === Voice Typer v1.0.0 (Kotlin) ===
[2026-08-18 23:09:35.052] [INFO] [ConfigManager] Конфигурация сохранена: C:\Users\dimm-\.config\voice-typer\config.json
[2026-08-18 23:09:35.053] [INFO] [ConfigManager] Создан файл конфигурации по умолчанию: C:\Users\dimm-\.config\voice-typer\config.json
[2026-08-18 23:09:35.071] [INFO] [ConfigManager] Конфигурация загружена из: C:\Users\dimm-\.config\voice-typer\config.json
[2026-08-18 23:09:35.982] [INFO] [TrayIconManager] Иконка в системном трее добавлена
[2026-08-18 23:09:35.984] [INFO] [AppProcessor] === Voice Typer запущен ===
[2026-08-18 23:09:35.985] [INFO] [AppProcessor] Модель: base, Язык: ru
[2026-08-18 23:09:35.985] [INFO] [AppProcessor] Окно: 260x160
[2026-08-18 23:09:35.991] [INFO] [Main] Статус: ГОТОВ К РАБОТЕ
[2026-08-18 23:09:35.993] [ERROR] [WhisperEngine] whisper.exe не найден! Положите whisper.exe в resources/win/
[2026-08-18 23:09:35.993] [INFO] [Main] Статус: ОШИБКА
[2026-08-18 23:09:35.993] [ERROR] [AppProcessor] whisper.exe не найден! Положите whisper.exe в resources/win/
[2026-08-18 23:09:36.027] [INFO] [Main] Voice Typer запущен и готов к работе
[2026-08-18 23:10:07.508] [INFO] [Main] === Voice Typer v1.0.0 (Kotlin) ===
[2026-08-18 23:10:07.571] [INFO] [ConfigManager] Конфигурация загружена из: C:\Users\dimm-\.config\voice-typer\config.json
[2026-08-18 23:10:07.571] [INFO] [ConfigManager] Конфигурация загружена из: C:\Users\dimm-\.config\voice-typer\config.json
[2026-08-18 23:10:08.029] [INFO] [TrayIconManager] Иконка в системном трее добавлена
[2026-08-18 23:10:08.034] [INFO] [AppProcessor] === Voice Typer запущен ===
[2026-08-18 23:10:08.034] [INFO] [AppProcessor] Модель: base, Язык: ru
[2026-08-18 23:10:08.034] [INFO] [AppProcessor] Окно: 260x160
[2026-08-18 23:10:08.048] [INFO] [Main] Статус: ГОТОВ К РАБОТЕ
[2026-08-18 23:10:08.050] [ERROR] [WhisperEngine] whisper.exe не найден! Положите whisper.exe в resources/win/
[2026-08-18 23:10:08.050] [INFO] [Main] Статус: ОШИБКА
[2026-08-18 23:10:08.050] [ERROR] [AppProcessor] whisper.exe не найден! Положите whisper.exe в resources/win/
[2026-08-18 23:10:08.089] [INFO] [Main] Voice Typer запущен и готов к работе
[2026-08-18 23:10:49.256] [INFO] [Main] === Voice Typer v1.0.0 (Kotlin) ===
[2026-08-18 23:10:49.319] [INFO] [ConfigManager] Конфигурация загружена из: C:\Users\dimm-\.config\voice-typer\config.json
[2026-08-18 23:10:49.320] [INFO] [ConfigManager] Конфигурация загружена из: C:\Users\dimm-\.config\voice-typer\config.json
[2026-08-18 23:10:49.727] [INFO] [TrayIconManager] Иконка в системном трее добавлена
[2026-08-18 23:10:49.732] [INFO] [AppProcessor] === Voice Typer запущен ===
[2026-08-18 23:10:49.732] [INFO] [AppProcessor] Модель: base, Язык: ru
[2026-08-18 23:10:49.732] [INFO] [AppProcessor] Окно: 260x160
[2026-08-18 23:10:49.740] [INFO] [Main] Статус: ГОТОВ К РАБОТЕ
[2026-08-18 23:10:49.741] [ERROR] [WhisperEngine] whisper.exe не найден! Положите whisper.exe в resources/win/
[2026-08-18 23:10:49.741] [INFO] [Main] Статус: ОШИБКА
[2026-08-18 23:10:49.741] [ERROR] [AppProcessor] whisper.exe не найден! Положите whisper.exe в resources/win/
[2026-08-18 23:10:49.781] [INFO] [Main] Voice Typer запущен и готов к работе
[2026-08-18 23:12:45.127] [INFO] [Main] === Voice Typer v1.0.0 (Kotlin) ===
[2026-08-18 23:12:45.195] [INFO] [ConfigManager] Конфигурация загружена из: C:\Users\dimm-\.config\voice-typer\config.json
[2026-08-18 23:12:45.195] [INFO] [ConfigManager] Конфигурация загружена из: C:\Users\dimm-\.config\voice-typer\config.json
[2026-08-18 23:12:45.668] [INFO] [TrayIconManager] Иконка в системном трее добавлена
[2026-08-18 23:12:45.673] [INFO] [AppProcessor] === Voice Typer запущен ===
[2026-08-18 23:12:45.673] [INFO] [AppProcessor] Модель: base, Язык: ru
[2026-08-18 23:12:45.674] [INFO] [AppProcessor] Окно: 260x160
[2026-08-18 23:12:45.681] [INFO] [Main] Статус: ГОТОВ К РАБОТЕ
[2026-08-18 23:12:45.683] [ERROR] [WhisperEngine] whisper.exe не найден! Положите whisper.exe в resources/win/
[2026-08-18 23:12:45.683] [INFO] [Main] Статус: ОШИБКА
[2026-08-18 23:12:45.683] [ERROR] [AppProcessor] whisper.exe не найден! Положите whisper.exe в resources/win/
[2026-08-18 23:12:45.716] [INFO] [Main] Voice Typer запущен и готов к работе
[2026-08-19 00:34:50.286] [INFO] [Main] === Voice Typer v1.0.0 (Kotlin) ===
[2026-08-19 00:34:50.379] [INFO] [ConfigManager] Конфигурация загружена из: C:\Users\dimm-\.config\voice-typer\config.json
[2026-08-19 00:34:50.380] [INFO] [ConfigManager] Конфигурация загружена из: C:\Users\dimm-\.config\voice-typer\config.json
[2026-08-19 00:34:51.028] [INFO] [TrayIconManager] Иконка в системном трее добавлена
[2026-08-19 00:34:51.030] [INFO] [AppProcessor] === Voice Typer запущен ===
[2026-08-19 00:34:51.030] [INFO] [AppProcessor] Модель: base, Язык: ru
[2026-08-19 00:34:51.030] [INFO] [AppProcessor] Окно: 260x160
[2026-08-19 00:34:51.038] [INFO] [Main] Статус: ГОТОВ К РАБОТЕ
[2026-08-19 00:34:51.039] [INFO] [WhisperEngine] whisper.cpp найден: D:\WorkHome\Voice_typer2\resources\win\whisper-cli.exe
[2026-08-19 00:34:51.041] [INFO] [WhisperEngine] Модель найдена: D:\WorkHome\Voice_typer2\resources\win\models\ggml-base.bin (141 MB)
[2026-08-19 00:34:51.094] [INFO] [Main] Voice Typer запущен и готов к работе
[2026-08-19 00:43:58.235] [INFO] [Main] === Voice Typer v1.0.0 (Kotlin) ===
[2026-08-19 00:43:58.296] [INFO] [ConfigManager] Конфигурация загружена из: C:\Users\dimm-\.config\voice-typer\config.json
[2026-08-19 00:43:58.296] [INFO] [ConfigManager] Конфигурация загружена из: C:\Users\dimm-\.config\voice-typer\config.json
[2026-08-19 00:43:58.874] [INFO] [TrayIconManager] Иконка в системном трее добавлена
[2026-08-19 00:43:58.875] [INFO] [AppProcessor] === Voice Typer запущен ===
[2026-08-19 00:43:58.876] [INFO] [AppProcessor] Модель: base, Язык: ru
[2026-08-19 00:43:58.876] [INFO] [AppProcessor] Окно: 260x160
[2026-08-19 00:43:58.883] [INFO] [Main] Статус: ГОТОВ К РАБОТЕ
[2026-08-19 00:43:58.883] [INFO] [WhisperEngine] whisper.cpp найден: D:\WorkHome\Voice_typer2\resources\win\whisper-cli.exe
[2026-08-19 00:43:58.887] [INFO] [WhisperEngine] Модель найдена: D:\WorkHome\Voice_typer2\resources\win\models\ggml-base.bin (141 MB)
[2026-08-19 00:43:58.921] [INFO] [Main] Voice Typer запущен и готов к работе
[2026-08-19 09:13:24.683] [INFO] [AppProcessor] Остановка Voice Typer
[2026-08-19 09:13:24.721] [INFO] [TrayIconManager] Иконка из системного трея удалена
[2026-08-19 09:14:01.280] [INFO] [Main] === Voice Typer v1.0.0 (Kotlin) ===
[2026-08-19 09:14:01.341] [INFO] [ConfigManager] Конфигурация загружена из: C:\Users\dimm-\.config\voice-typer\config.json
[2026-08-19 09:14:01.342] [INFO] [ConfigManager] Конфигурация загружена из: C:\Users\dimm-\.config\voice-typer\config.json
[2026-08-19 09:14:01.728] [INFO] [TrayIconManager] Иконка в системном трее добавлена
[2026-08-19 09:14:01.730] [INFO] [AppProcessor] === Voice Typer запущен ===
[2026-08-19 09:14:01.731] [INFO] [AppProcessor] Модель: base, Язык: ru
[2026-08-19 09:14:01.731] [INFO] [AppProcessor] Окно: 260x160
[2026-08-19 09:14:01.740] [INFO] [Main] Статус: ГОТОВ К РАБОТЕ
[2026-08-19 09:14:01.740] [INFO] [WhisperEngine] whisper.cpp найден: D:\WorkHome\Voice_typer2\resources\win\whisper-cli.exe
[2026-08-19 09:14:01.744] [INFO] [WhisperEngine] Модель найдена: D:\WorkHome\Voice_typer2\resources\win\models\ggml-base.bin (141 MB)
[2026-08-19 09:14:01.773] [INFO] [Main] Voice Typer запущен и готов к работе
[2026-08-19 09:15:15.775] [INFO] [AppProcessor] Остановка Voice Typer
[2026-08-19 09:15:15.806] [INFO] [TrayIconManager] Иконка из системного трея удалена
